#-----------------------------------------------------------
# Vivado v2024.2 (64-bit)
# SW Build 5239630 on Fri Nov 08 22:35:27 MST 2024
# IP Build 5239520 on Sun Nov 10 16:12:51 MST 2024
# SharedData Build 5239561 on Fri Nov 08 14:39:27 MST 2024
# Start of session at: Thu Mar 27 14:31:34 2025
# Process ID         : 12572
# Current directory  : C:/Users/james/Uni_work/Semester_4/ECE 230L/Lab_9/Lab_9.runs/synth_1
# Command line       : vivado.exe -log top.vds -product Vivado -mode batch -messageDb vivado.pb -notrace -source top.tcl
# Log file           : C:/Users/james/Uni_work/Semester_4/ECE 230L/Lab_9/Lab_9.runs/synth_1/top.vds
# Journal file       : C:/Users/james/Uni_work/Semester_4/ECE 230L/Lab_9/Lab_9.runs/synth_1\vivado.jou
# Running On         : The_Prospector
# Platform           : Windows Server 2016 or Windows 10
# Operating System   : 22631
# Processor Detail   : 12th Gen Intel(R) Core(TM) i7-12700H
# CPU Frequency      : 2688 MHz
# CPU Physical cores : 14
# CPU Logical cores  : 20
# Host memory        : 34087 MB
# Swap memory        : 2147 MB
# Total Virtual      : 36234 MB
# Available Virtual  : 19032 MB
#-----------------------------------------------------------
source top.tcl -notrace
